This file contains any messages produced by compilers while
running configure, to aid debugging if configure makes a mistake.

It was created by Pico Technology PicoScope 2000 Example configure 1.1.0, which was
generated by GNU Autoconf 2.71.  Invocation command line was

  $ ./configure --enable-silent-rules --prefix=/opt/picoscope 'CFLAGS=-Wl,-s -O2 -w -DNDEBUG' 'CXXFLAGS=-Wl,-s -O2 -w -DNDEBUG'

## --------- ##
## Platform. ##
## --------- ##

hostname = omar-XPS-L501X
uname -m = x86_64
uname -r = 6.8.0-45-generic
uname -s = Linux
uname -v = #45-Ubuntu SMP PREEMPT_DYNAMIC Fri Aug 30 12:02:04 UTC 2024

/usr/bin/uname -p = x86_64
/bin/uname -X     = unknown

/bin/arch              = x86_64
/usr/bin/arch -k       = unknown
/usr/convex/getsysinfo = unknown
/usr/bin/hostinfo      = unknown
/bin/machine           = unknown
/usr/bin/oslevel       = unknown
/bin/universe          = unknown

PATH: /usr/local/sbin/
PATH: /usr/local/bin/
PATH: /usr/sbin/
PATH: /usr/bin/
PATH: /sbin/
PATH: /bin/
PATH: /usr/games/
PATH: /usr/local/games/
PATH: /snap/bin/
PATH: /snap/bin/


## ----------- ##
## Core tests. ##
## ----------- ##

configure:2776: looking for aux files: compile config.guess config.sub ltmain.sh missing install-sh
configure:2789:  trying ./
configure:2818:   ./compile found
configure:2818:   ./config.guess found
configure:2818:   ./config.sub found
configure:2818:   ./ltmain.sh found
configure:2818:   ./missing found
configure:2800:   ./install-sh found
configure:2952: checking for a BSD-compatible install
configure:3025: result: /usr/bin/install -c
configure:3036: checking whether build environment is sane
configure:3091: result: yes
configure:3250: checking for a race-free mkdir -p
configure:3294: result: /usr/bin/mkdir -p
configure:3301: checking for gawk
configure:3336: result: no
configure:3301: checking for mawk
configure:3322: found /usr/bin/mawk
configure:3333: result: mawk
configure:3344: checking whether make sets $(MAKE)
configure:3367: result: yes
configure:3397: checking whether make supports nested variables
configure:3415: result: yes
configure:3674: checking for g++
configure:3695: found /usr/bin/g++
configure:3706: result: g++
configure:3733: checking for C++ compiler version
configure:3742: g++ --version >&5
g++ (Ubuntu 13.3.0-6ubuntu2~24.04.1) 13.3.0
Copyright (C) 2023 Free Software Foundation, Inc.
This is free software; see the source for copying conditions.  There is NO
warranty; not even for MERCHANTABILITY or FITNESS FOR A PARTICULAR PURPOSE.

configure:3753: $? = 0
configure:3742: g++ -v >&5
Using built-in specs.
COLLECT_GCC=g++
COLLECT_LTO_WRAPPER=/usr/libexec/gcc/x86_64-linux-gnu/13/lto-wrapper
OFFLOAD_TARGET_NAMES=nvptx-none:amdgcn-amdhsa
OFFLOAD_TARGET_DEFAULT=1
Target: x86_64-linux-gnu
Configured with: ../src/configure -v --with-pkgversion='Ubuntu 13.3.0-6ubuntu2~24.04.1' --with-bugurl=file:///usr/share/doc/gcc-13/README.Bugs --enable-languages=c,ada,c++,go,d,fortran,objc,obj-c++,m2 --prefix=/usr --with-gcc-major-version-only --program-suffix=-13 --program-prefix=x86_64-linux-gnu- --enable-shared --enable-linker-build-id --libexecdir=/usr/libexec --without-included-gettext --enable-threads=posix --libdir=/usr/lib --enable-nls --enable-bootstrap --enable-clocale=gnu --enable-libstdcxx-debug --enable-libstdcxx-time=yes --with-default-libstdcxx-abi=new --enable-libstdcxx-backtrace --enable-gnu-unique-object --disable-vtable-verify --enable-plugin --enable-default-pie --with-system-zlib --enable-libphobos-checking=release --with-target-system-zlib=auto --enable-objc-gc=auto --enable-multiarch --disable-werror --enable-cet --with-arch-32=i686 --with-abi=m64 --with-multilib-list=m32,m64,mx32 --enable-multilib --with-tune=generic --enable-offload-targets=nvptx-none=/build/gcc-13-EldibY/gcc-13-13.3.0/debian/tmp-nvptx/usr,amdgcn-amdhsa=/build/gcc-13-EldibY/gcc-13-13.3.0/debian/tmp-gcn/usr --enable-offload-defaulted --without-cuda-driver --enable-checking=release --build=x86_64-linux-gnu --host=x86_64-linux-gnu --target=x86_64-linux-gnu --with-build-config=bootstrap-lto-lean --enable-link-serialization=2
Thread model: posix
Supported LTO compression algorithms: zlib zstd
gcc version 13.3.0 (Ubuntu 13.3.0-6ubuntu2~24.04.1) 
... rest of stderr output deleted ...
configure:3753: $? = 0
configure:3742: g++ -V >&5
g++: error: unrecognized command-line option '-V'
g++: fatal error: no input files
compilation terminated.
configure:3753: $? = 1
configure:3742: g++ -qversion >&5
g++: error: unrecognized command-line option '-qversion'; did you mean '--version'?
g++: fatal error: no input files
compilation terminated.
configure:3753: $? = 1
configure:3773: checking whether the C++ compiler works
configure:3795: g++ -Wl,-s -O2 -w -DNDEBUG   conftest.cpp  >&5
configure:3799: $? = 0
configure:3849: result: yes
configure:3852: checking for C++ compiler default output file name
configure:3854: result: a.out
configure:3860: checking for suffix of executables
configure:3867: g++ -o conftest -Wl,-s -O2 -w -DNDEBUG   conftest.cpp  >&5
configure:3871: $? = 0
configure:3894: result: 
configure:3916: checking whether we are cross compiling
configure:3924: g++ -o conftest -Wl,-s -O2 -w -DNDEBUG   conftest.cpp  >&5
configure:3928: $? = 0
configure:3935: ./conftest
configure:3939: $? = 0
configure:3954: result: no
configure:3959: checking for suffix of object files
configure:3982: g++ -c -Wl,-s -O2 -w -DNDEBUG  conftest.cpp >&5
configure:3986: $? = 0
configure:4008: result: o
configure:4012: checking whether the compiler supports GNU C++
configure:4032: g++ -c -Wl,-s -O2 -w -DNDEBUG  conftest.cpp >&5
configure:4032: $? = 0
configure:4042: result: yes
configure:4053: checking whether g++ accepts -g
configure:4074: g++ -c -g  conftest.cpp >&5
configure:4074: $? = 0
configure:4118: result: yes
configure:4138: checking for g++ option to enable C++11 features
configure:4153: g++  -c -Wl,-s -O2 -w -DNDEBUG  conftest.cpp >&5
configure:4153: $? = 0
configure:4171: result: none needed
configure:4238: checking whether make supports the include directive
configure:4253: make -f confmf.GNU && cat confinc.out
this is the am__doit target
configure:4256: $? = 0
configure:4275: result: yes (GNU style)
configure:4301: checking dependency style of g++
configure:4413: result: gcc3
configure:4429: checking whether make sets $(MAKE)
configure:4452: result: yes
configure:4493: checking build system type
configure:4508: result: x86_64-pc-linux-gnu
configure:4528: checking host system type
configure:4542: result: x86_64-pc-linux-gnu
configure:4583: checking how to print strings
configure:4610: result: printf
configure:4693: checking for gcc
configure:4714: found /usr/bin/gcc
configure:4725: result: gcc
configure:5078: checking for C compiler version
configure:5087: gcc --version >&5
gcc (Ubuntu 13.3.0-6ubuntu2~24.04.1) 13.3.0
Copyright (C) 2023 Free Software Foundation, Inc.
This is free software; see the source for copying conditions.  There is NO
warranty; not even for MERCHANTABILITY or FITNESS FOR A PARTICULAR PURPOSE.

configure:5098: $? = 0
configure:5087: gcc -v >&5
Using built-in specs.
COLLECT_GCC=gcc
COLLECT_LTO_WRAPPER=/usr/libexec/gcc/x86_64-linux-gnu/13/lto-wrapper
OFFLOAD_TARGET_NAMES=nvptx-none:amdgcn-amdhsa
OFFLOAD_TARGET_DEFAULT=1
Target: x86_64-linux-gnu
Configured with: ../src/configure -v --with-pkgversion='Ubuntu 13.3.0-6ubuntu2~24.04.1' --with-bugurl=file:///usr/share/doc/gcc-13/README.Bugs --enable-languages=c,ada,c++,go,d,fortran,objc,obj-c++,m2 --prefix=/usr --with-gcc-major-version-only --program-suffix=-13 --program-prefix=x86_64-linux-gnu- --enable-shared --enable-linker-build-id --libexecdir=/usr/libexec --without-included-gettext --enable-threads=posix --libdir=/usr/lib --enable-nls --enable-bootstrap --enable-clocale=gnu --enable-libstdcxx-debug --enable-libstdcxx-time=yes --with-default-libstdcxx-abi=new --enable-libstdcxx-backtrace --enable-gnu-unique-object --disable-vtable-verify --enable-plugin --enable-default-pie --with-system-zlib --enable-libphobos-checking=release --with-target-system-zlib=auto --enable-objc-gc=auto --enable-multiarch --disable-werror --enable-cet --with-arch-32=i686 --with-abi=m64 --with-multilib-list=m32,m64,mx32 --enable-multilib --with-tune=generic --enable-offload-targets=nvptx-none=/build/gcc-13-EldibY/gcc-13-13.3.0/debian/tmp-nvptx/usr,amdgcn-amdhsa=/build/gcc-13-EldibY/gcc-13-13.3.0/debian/tmp-gcn/usr --enable-offload-defaulted --without-cuda-driver --enable-checking=release --build=x86_64-linux-gnu --host=x86_64-linux-gnu --target=x86_64-linux-gnu --with-build-config=bootstrap-lto-lean --enable-link-serialization=2
Thread model: posix
Supported LTO compression algorithms: zlib zstd
gcc version 13.3.0 (Ubuntu 13.3.0-6ubuntu2~24.04.1) 
... rest of stderr output deleted ...
configure:5098: $? = 0
configure:5087: gcc -V >&5
gcc: error: unrecognized command-line option '-V'
gcc: fatal error: no input files
compilation terminated.
configure:5098: $? = 1
configure:5087: gcc -qversion >&5
gcc: error: unrecognized command-line option '-qversion'; did you mean '--version'?
gcc: fatal error: no input files
compilation terminated.
configure:5098: $? = 1
configure:5087: gcc -version >&5
gcc: error: unrecognized command-line option '-version'
gcc: fatal error: no input files
compilation terminated.
configure:5098: $? = 1
configure:5102: checking whether the compiler supports GNU C
configure:5122: gcc -c -Wl,-s -O2 -w -DNDEBUG  conftest.c >&5
configure:5122: $? = 0
configure:5132: result: yes
configure:5143: checking whether gcc accepts -g
configure:5164: gcc -c -g  conftest.c >&5
configure:5164: $? = 0
configure:5208: result: yes
configure:5228: checking for gcc option to enable C11 features
configure:5243: gcc  -c -Wl,-s -O2 -w -DNDEBUG  conftest.c >&5
configure:5243: $? = 0
configure:5261: result: none needed
configure:5377: checking whether gcc understands -c and -o together
configure:5400: gcc -c conftest.c -o conftest2.o
configure:5403: $? = 0
configure:5400: gcc -c conftest.c -o conftest2.o
configure:5403: $? = 0
configure:5415: result: yes
configure:5434: checking dependency style of gcc
configure:5546: result: gcc3
configure:5561: checking for a sed that does not truncate output
configure:5631: result: /usr/bin/sed
configure:5649: checking for grep that handles long lines and -e
configure:5713: result: /usr/bin/grep
configure:5718: checking for egrep
configure:5786: result: /usr/bin/grep -E
configure:5791: checking for fgrep
configure:5859: result: /usr/bin/grep -F
configure:5895: checking for ld used by gcc
configure:5963: result: /usr/bin/ld
configure:5970: checking if the linker (/usr/bin/ld) is GNU ld
configure:5986: result: yes
configure:5998: checking for BSD- or MS-compatible name lister (nm)
configure:6053: result: /usr/bin/nm -B
configure:6193: checking the name lister (/usr/bin/nm -B) interface
configure:6201: gcc -c -Wl,-s -O2 -w -DNDEBUG  conftest.c >&5
configure:6204: /usr/bin/nm -B "conftest.o"
configure:6207: output
0000000000000000 B some_variable
configure:6214: result: BSD nm
configure:6217: checking whether ln -s works
configure:6221: result: yes
configure:6229: checking the maximum length of command line arguments
configure:6361: result: 1572864
configure:6409: checking how to convert x86_64-pc-linux-gnu file names to x86_64-pc-linux-gnu format
configure:6450: result: func_convert_file_noop
configure:6457: checking how to convert x86_64-pc-linux-gnu file names to toolchain format
configure:6478: result: func_convert_file_noop
configure:6485: checking for /usr/bin/ld option to reload object files
configure:6493: result: -r
configure:6572: checking for file
configure:6593: found /usr/bin/file
configure:6604: result: file
configure:6680: checking for objdump
configure:6701: found /usr/bin/objdump
configure:6712: result: objdump
configure:6744: checking how to recognize dependent libraries
configure:6945: result: pass_all
configure:7035: checking for dlltool
configure:7070: result: no
configure:7100: checking how to associate runtime and link libraries
configure:7128: result: printf %s\n
configure:7194: checking for ar
configure:7215: found /usr/bin/ar
configure:7226: result: ar
configure:7279: checking for archiver @FILE support
configure:7297: gcc -c -Wl,-s -O2 -w -DNDEBUG  conftest.c >&5
configure:7297: $? = 0
configure:7301: ar cr libconftest.a @conftest.lst >&5
configure:7304: $? = 0
configure:7309: ar cr libconftest.a @conftest.lst >&5
ar: conftest.o: No such file or directory
configure:7312: $? = 1
configure:7324: result: @
configure:7387: checking for strip
configure:7408: found /usr/bin/strip
configure:7419: result: strip
configure:7496: checking for ranlib
configure:7517: found /usr/bin/ranlib
configure:7528: result: ranlib
configure:7630: checking command to parse /usr/bin/nm -B output from gcc object
configure:7784: gcc -c -Wl,-s -O2 -w -DNDEBUG  conftest.c >&5
configure:7787: $? = 0
configure:7791: /usr/bin/nm -B conftest.o | /usr/bin/sed -n -e 's/^.*[	 ]\([ABCDGIRSTW][ABCDGIRSTW]*\)[	 ][	 ]*\([_A-Za-z][_A-Za-z0-9]*\)$/\1 \2 \2/p' | /usr/bin/sed '/ __gnu_lto/d' > conftest.nm
configure:7857: gcc -o conftest -Wl,-s -O2 -w -DNDEBUG   conftest.c conftstm.o >&5
configure:7860: $? = 0
configure:7898: result: ok
configure:7945: checking for sysroot
configure:7976: result: no
configure:7983: checking for a working dd
configure:8027: result: /usr/bin/dd
configure:8031: checking how to truncate binary pipes
configure:8047: result: /usr/bin/dd bs=4096 count=1
configure:8184: gcc -c -Wl,-s -O2 -w -DNDEBUG  conftest.c >&5
configure:8187: $? = 0
configure:8384: checking for mt
configure:8405: found /usr/bin/mt
configure:8416: result: mt
configure:8439: checking if mt is a manifest tool
configure:8446: mt '-?'
configure:8454: result: no
configure:9179: checking for stdio.h
configure:9179: gcc -c -Wl,-s -O2 -w -DNDEBUG  conftest.c >&5
configure:9179: $? = 0
configure:9179: result: yes
configure:9179: checking for stdlib.h
configure:9179: gcc -c -Wl,-s -O2 -w -DNDEBUG  conftest.c >&5
configure:9179: $? = 0
configure:9179: result: yes
configure:9179: checking for string.h
configure:9179: gcc -c -Wl,-s -O2 -w -DNDEBUG  conftest.c >&5
configure:9179: $? = 0
configure:9179: result: yes
configure:9179: checking for inttypes.h
configure:9179: gcc -c -Wl,-s -O2 -w -DNDEBUG  conftest.c >&5
configure:9179: $? = 0
configure:9179: result: yes
configure:9179: checking for stdint.h
configure:9179: gcc -c -Wl,-s -O2 -w -DNDEBUG  conftest.c >&5
configure:9179: $? = 0
configure:9179: result: yes
configure:9179: checking for strings.h
configure:9179: gcc -c -Wl,-s -O2 -w -DNDEBUG  conftest.c >&5
configure:9179: $? = 0
configure:9179: result: yes
configure:9179: checking for sys/stat.h
configure:9179: gcc -c -Wl,-s -O2 -w -DNDEBUG  conftest.c >&5
configure:9179: $? = 0
configure:9179: result: yes
configure:9179: checking for sys/types.h
configure:9179: gcc -c -Wl,-s -O2 -w -DNDEBUG  conftest.c >&5
configure:9179: $? = 0
configure:9179: result: yes
configure:9179: checking for unistd.h
configure:9179: gcc -c -Wl,-s -O2 -w -DNDEBUG  conftest.c >&5
configure:9179: $? = 0
configure:9179: result: yes
configure:9204: checking for dlfcn.h
configure:9204: gcc -c -Wl,-s -O2 -w -DNDEBUG  conftest.c >&5
configure:9204: $? = 0
configure:9204: result: yes
configure:9443: checking for objdir
configure:9459: result: .libs
configure:9723: checking if gcc supports -fno-rtti -fno-exceptions
configure:9742: gcc -c -Wl,-s -O2 -w -DNDEBUG  -fno-rtti -fno-exceptions conftest.c >&5
configure:9746: $? = 0
configure:9759: result: yes
configure:10123: checking for gcc option to produce PIC
configure:10131: result: -fPIC -DPIC
configure:10139: checking if gcc PIC flag -fPIC -DPIC works
configure:10158: gcc -c -Wl,-s -O2 -w -DNDEBUG  -fPIC -DPIC -DPIC conftest.c >&5
configure:10162: $? = 0
configure:10175: result: yes
configure:10204: checking if gcc static flag -static works
configure:10233: result: yes
configure:10248: checking if gcc supports -c -o file.o
configure:10270: gcc -c -Wl,-s -O2 -w -DNDEBUG  -o out/conftest2.o conftest.c >&5
configure:10274: $? = 0
configure:10296: result: yes
configure:10304: checking if gcc supports -c -o file.o
configure:10352: result: yes
configure:10385: checking whether the gcc linker (/usr/bin/ld -m elf_x86_64) supports shared libraries
configure:11659: result: yes
configure:11696: checking whether -lc should be explicitly linked in
configure:11705: gcc -c -Wl,-s -O2 -w -DNDEBUG  conftest.c >&5
configure:11708: $? = 0
configure:11723: gcc -shared  -fPIC -DPIC conftest.o  -v -Wl,-soname -Wl,conftest -o conftest 2\>\&1 \| /usr/bin/grep  -lc  \>/dev/null 2\>\&1
configure:11726: $? = 0
configure:11740: result: no
configure:11900: checking dynamic linker characteristics
configure:12482: gcc -o conftest -Wl,-s -O2 -w -DNDEBUG   -Wl,-rpath -Wl,/foo conftest.c  >&5
configure:12482: $? = 0
configure:12733: result: GNU/Linux ld.so
configure:12855: checking how to hardcode library paths into programs
configure:12880: result: immediate
configure:13432: checking whether stripping libraries is possible
configure:13441: result: yes
configure:13483: checking if libtool supports shared libraries
configure:13485: result: yes
configure:13488: checking whether to build shared libraries
configure:13513: result: yes
configure:13516: checking whether to build static libraries
configure:13520: result: no
configure:13543: checking how to run the C++ preprocessor
configure:13565: g++ -E  conftest.cpp
configure:13565: $? = 0
configure:13580: g++ -E  conftest.cpp
conftest.cpp:26:10: fatal error: ac_nonexistent.h: No such file or directory
   26 | #include <ac_nonexistent.h>
      |          ^~~~~~~~~~~~~~~~~~
compilation terminated.
configure:13580: $? = 1
configure: failed program was:
| /* confdefs.h */
| #define PACKAGE_NAME "Pico Technology PicoScope 2000 Example"
| #define PACKAGE_TARNAME "ps2000Con"
| #define PACKAGE_VERSION "1.1.0"
| #define PACKAGE_STRING "Pico Technology PicoScope 2000 Example 1.1.0"
| #define PACKAGE_BUGREPORT "support@picotech.com"
| #define PACKAGE_URL ""
| #define PACKAGE "ps2000Con"
| #define VERSION "1.1.0"
| #define LIBTOOL_VERSION_MAJOR VERSION
| #define LIBTOOL_VERSION_MINOR N
| #define LIBTOOL_VERSION_POINT 
| #define HAVE_STDIO_H 1
| #define HAVE_STDLIB_H 1
| #define HAVE_STRING_H 1
| #define HAVE_INTTYPES_H 1
| #define HAVE_STDINT_H 1
| #define HAVE_STRINGS_H 1
| #define HAVE_SYS_STAT_H 1
| #define HAVE_SYS_TYPES_H 1
| #define HAVE_UNISTD_H 1
| #define STDC_HEADERS 1
| #define HAVE_DLFCN_H 1
| #define LT_OBJDIR ".libs/"
| /* end confdefs.h.  */
| #include <ac_nonexistent.h>
configure:13607: result: g++ -E
configure:13621: g++ -E  conftest.cpp
configure:13621: $? = 0
configure:13636: g++ -E  conftest.cpp
conftest.cpp:26:10: fatal error: ac_nonexistent.h: No such file or directory
   26 | #include <ac_nonexistent.h>
      |          ^~~~~~~~~~~~~~~~~~
compilation terminated.
configure:13636: $? = 1
configure: failed program was:
| /* confdefs.h */
| #define PACKAGE_NAME "Pico Technology PicoScope 2000 Example"
| #define PACKAGE_TARNAME "ps2000Con"
| #define PACKAGE_VERSION "1.1.0"
| #define PACKAGE_STRING "Pico Technology PicoScope 2000 Example 1.1.0"
| #define PACKAGE_BUGREPORT "support@picotech.com"
| #define PACKAGE_URL ""
| #define PACKAGE "ps2000Con"
| #define VERSION "1.1.0"
| #define LIBTOOL_VERSION_MAJOR VERSION
| #define LIBTOOL_VERSION_MINOR N
| #define LIBTOOL_VERSION_POINT 
| #define HAVE_STDIO_H 1
| #define HAVE_STDLIB_H 1
| #define HAVE_STRING_H 1
| #define HAVE_INTTYPES_H 1
| #define HAVE_STDINT_H 1
| #define HAVE_STRINGS_H 1
| #define HAVE_SYS_STAT_H 1
| #define HAVE_SYS_TYPES_H 1
| #define HAVE_UNISTD_H 1
| #define STDC_HEADERS 1
| #define HAVE_DLFCN_H 1
| #define LT_OBJDIR ".libs/"
| /* end confdefs.h.  */
| #include <ac_nonexistent.h>
configure:13801: checking for ld used by g++
configure:13869: result: /usr/bin/ld -m elf_x86_64
configure:13876: checking if the linker (/usr/bin/ld -m elf_x86_64) is GNU ld
configure:13892: result: yes
configure:13947: checking whether the g++ linker (/usr/bin/ld -m elf_x86_64) supports shared libraries
configure:15025: result: yes
configure:15061: g++ -c -Wl,-s -O2 -w -DNDEBUG  conftest.cpp >&5
configure:15064: $? = 0
configure:15545: checking for g++ option to produce PIC
configure:15553: result: -fPIC -DPIC
configure:15561: checking if g++ PIC flag -fPIC -DPIC works
configure:15580: g++ -c -Wl,-s -O2 -w -DNDEBUG  -fPIC -DPIC -DPIC conftest.cpp >&5
configure:15584: $? = 0
configure:15597: result: yes
configure:15620: checking if g++ static flag -static works
configure:15649: result: yes
configure:15661: checking if g++ supports -c -o file.o
configure:15683: g++ -c -Wl,-s -O2 -w -DNDEBUG  -o out/conftest2.o conftest.cpp >&5
configure:15687: $? = 0
configure:15709: result: yes
configure:15714: checking if g++ supports -c -o file.o
configure:15762: result: yes
configure:15792: checking whether the g++ linker (/usr/bin/ld -m elf_x86_64) supports shared libraries
configure:15835: result: yes
configure:15977: checking dynamic linker characteristics
configure:16737: result: GNU/Linux ld.so
configure:16802: checking how to hardcode library paths into programs
configure:16827: result: immediate
configure:16889: checking operating system
configure:16897: result: Linux
configure:16951: checking whether make supports nested variables
configure:16969: result: yes
configure:17028: checking for pthread_atfork in -lpthread
configure:17051: gcc -o conftest -Wl,-s -O2 -w -DNDEBUG   conftest.c -lpthread   >&5
configure:17051: $? = 0
configure:17061: result: yes
configure:17089: checking for ps2000_open_unit in -lps2000
configure:17112: gcc -o conftest -Wl,-s -O2 -w -DNDEBUG   -Wl,-u,pthread_atfork -L/opt/picoscope/lib conftest.c -lps2000  -lpthread  >&5
configure:17112: $? = 0
configure:17122: result: yes
configure:17139: checking for egrep
configure:17207: result: /usr/bin/grep -E
configure:17226: checking for stdio.h
configure:17226: result: yes
configure:17232: checking for sys/types.h
configure:17232: result: yes
configure:17238: checking for termios.h
configure:17238: gcc -c -Wl,-s -O2 -w -DNDEBUG -I/opt/picoscope/include -Wl,-s -O2 -w -DNDEBUG -I/opt/picoscope/include conftest.c >&5
configure:17238: $? = 0
configure:17238: result: yes
configure:17244: checking for sys/ioctl.h
configure:17244: gcc -c -Wl,-s -O2 -w -DNDEBUG -I/opt/picoscope/include -Wl,-s -O2 -w -DNDEBUG -I/opt/picoscope/include conftest.c >&5
configure:17244: $? = 0
configure:17244: result: yes
configure:17250: checking for libps2000/ps2000.h
configure:17250: gcc -c -Wl,-s -O2 -w -DNDEBUG -I/opt/picoscope/include -Wl,-s -O2 -w -DNDEBUG -I/opt/picoscope/include conftest.c >&5
configure:17250: $? = 0
configure:17250: result: yes
configure:17260: checking for an ANSI C-conforming const
configure:17327: gcc -c -Wl,-s -O2 -w -DNDEBUG -I/opt/picoscope/include -Wl,-s -O2 -w -DNDEBUG -I/opt/picoscope/include conftest.c >&5
configure:17327: $? = 0
configure:17335: result: yes
configure:17343: checking for inline
configure:17360: gcc -c -Wl,-s -O2 -w -DNDEBUG -I/opt/picoscope/include -Wl,-s -O2 -w -DNDEBUG -I/opt/picoscope/include conftest.c >&5
configure:17360: $? = 0
configure:17369: result: inline
configure:17387: checking for working volatile
configure:17407: gcc -c -Wl,-s -O2 -w -DNDEBUG -I/opt/picoscope/include -Wl,-s -O2 -w -DNDEBUG -I/opt/picoscope/include conftest.c >&5
configure:17407: $? = 0
configure:17415: result: yes
configure:17424: checking for pid_t
configure:17424: gcc -c -Wl,-s -O2 -w -DNDEBUG -I/opt/picoscope/include -Wl,-s -O2 -w -DNDEBUG -I/opt/picoscope/include conftest.c >&5
configure:17424: $? = 0
configure:17424: gcc -c -Wl,-s -O2 -w -DNDEBUG -I/opt/picoscope/include -Wl,-s -O2 -w -DNDEBUG -I/opt/picoscope/include conftest.c >&5
conftest.c: In function 'main':
conftest.c:61:20: error: expected expression before ')' token
   61 | if (sizeof ((pid_t)))
      |                    ^
configure:17424: $? = 1
configure: failed program was:
| /* confdefs.h */
| #define PACKAGE_NAME "Pico Technology PicoScope 2000 Example"
| #define PACKAGE_TARNAME "ps2000Con"
| #define PACKAGE_VERSION "1.1.0"
| #define PACKAGE_STRING "Pico Technology PicoScope 2000 Example 1.1.0"
| #define PACKAGE_BUGREPORT "support@picotech.com"
| #define PACKAGE_URL ""
| #define PACKAGE "ps2000Con"
| #define VERSION "1.1.0"
| #define LIBTOOL_VERSION_MAJOR VERSION
| #define LIBTOOL_VERSION_MINOR N
| #define LIBTOOL_VERSION_POINT 
| #define HAVE_STDIO_H 1
| #define HAVE_STDLIB_H 1
| #define HAVE_STRING_H 1
| #define HAVE_INTTYPES_H 1
| #define HAVE_STDINT_H 1
| #define HAVE_STRINGS_H 1
| #define HAVE_SYS_STAT_H 1
| #define HAVE_SYS_TYPES_H 1
| #define HAVE_UNISTD_H 1
| #define STDC_HEADERS 1
| #define HAVE_DLFCN_H 1
| #define LT_OBJDIR ".libs/"
| #define OS_LINUX /**/
| #define HAVE_LIBPTHREAD 1
| #define HAVE_LIBPS2000 1
| /* end confdefs.h.  */
| #include <stddef.h>
| #ifdef HAVE_STDIO_H
| # include <stdio.h>
| #endif
| #ifdef HAVE_STDLIB_H
| # include <stdlib.h>
| #endif
| #ifdef HAVE_STRING_H
| # include <string.h>
| #endif
| #ifdef HAVE_INTTYPES_H
| # include <inttypes.h>
| #endif
| #ifdef HAVE_STDINT_H
| # include <stdint.h>
| #endif
| #ifdef HAVE_STRINGS_H
| # include <strings.h>
| #endif
| #ifdef HAVE_SYS_TYPES_H
| # include <sys/types.h>
| #endif
| #ifdef HAVE_SYS_STAT_H
| # include <sys/stat.h>
| #endif
| #ifdef HAVE_UNISTD_H
| # include <unistd.h>
| #endif
| 
| int
| main (void)
| {
| if (sizeof ((pid_t)))
| 	    return 0;
|   ;
|   return 0;
| }
configure:17424: result: yes
configure:17460: checking for size_t
configure:17460: gcc -c -Wl,-s -O2 -w -DNDEBUG -I/opt/picoscope/include -Wl,-s -O2 -w -DNDEBUG -I/opt/picoscope/include conftest.c >&5
configure:17460: $? = 0
configure:17460: gcc -c -Wl,-s -O2 -w -DNDEBUG -I/opt/picoscope/include -Wl,-s -O2 -w -DNDEBUG -I/opt/picoscope/include conftest.c >&5
conftest.c: In function 'main':
conftest.c:60:21: error: expected expression before ')' token
   60 | if (sizeof ((size_t)))
      |                     ^
configure:17460: $? = 1
configure: failed program was:
| /* confdefs.h */
| #define PACKAGE_NAME "Pico Technology PicoScope 2000 Example"
| #define PACKAGE_TARNAME "ps2000Con"
| #define PACKAGE_VERSION "1.1.0"
| #define PACKAGE_STRING "Pico Technology PicoScope 2000 Example 1.1.0"
| #define PACKAGE_BUGREPORT "support@picotech.com"
| #define PACKAGE_URL ""
| #define PACKAGE "ps2000Con"
| #define VERSION "1.1.0"
| #define LIBTOOL_VERSION_MAJOR VERSION
| #define LIBTOOL_VERSION_MINOR N
| #define LIBTOOL_VERSION_POINT 
| #define HAVE_STDIO_H 1
| #define HAVE_STDLIB_H 1
| #define HAVE_STRING_H 1
| #define HAVE_INTTYPES_H 1
| #define HAVE_STDINT_H 1
| #define HAVE_STRINGS_H 1
| #define HAVE_SYS_STAT_H 1
| #define HAVE_SYS_TYPES_H 1
| #define HAVE_UNISTD_H 1
| #define STDC_HEADERS 1
| #define HAVE_DLFCN_H 1
| #define LT_OBJDIR ".libs/"
| #define OS_LINUX /**/
| #define HAVE_LIBPTHREAD 1
| #define HAVE_LIBPS2000 1
| /* end confdefs.h.  */
| #include <stddef.h>
| #ifdef HAVE_STDIO_H
| # include <stdio.h>
| #endif
| #ifdef HAVE_STDLIB_H
| # include <stdlib.h>
| #endif
| #ifdef HAVE_STRING_H
| # include <string.h>
| #endif
| #ifdef HAVE_INTTYPES_H
| # include <inttypes.h>
| #endif
| #ifdef HAVE_STDINT_H
| # include <stdint.h>
| #endif
| #ifdef HAVE_STRINGS_H
| # include <strings.h>
| #endif
| #ifdef HAVE_SYS_TYPES_H
| # include <sys/types.h>
| #endif
| #ifdef HAVE_SYS_STAT_H
| # include <sys/stat.h>
| #endif
| #ifdef HAVE_UNISTD_H
| # include <unistd.h>
| #endif
| int
| main (void)
| {
| if (sizeof ((size_t)))
| 	    return 0;
|   ;
|   return 0;
| }
configure:17460: result: yes
configure:17575: checking that generated files are newer than configure
configure:17581: result: done
configure:17608: creating ./config.status

## ---------------------- ##
## Running config.status. ##
## ---------------------- ##

This file was extended by Pico Technology PicoScope 2000 Example config.status 1.1.0, which was
generated by GNU Autoconf 2.71.  Invocation command line was

  CONFIG_FILES    = 
  CONFIG_HEADERS  = 
  CONFIG_LINKS    = 
  CONFIG_COMMANDS = 
  $ ./config.status 

on omar-XPS-L501X

config.status:1154: creating Makefile
config.status:1154: creating config.h
config.status:1383: executing depfiles commands
config.status:1460: cd .       && sed -e '/# am--include-marker/d' Makefile         | make -f - am--depfiles
config.status:1465: $? = 0
config.status:1383: executing libtool commands

## ---------------- ##
## Cache variables. ##
## ---------------- ##

ac_cv_build=x86_64-pc-linux-gnu
ac_cv_c_compiler_gnu=yes
ac_cv_c_const=yes
ac_cv_c_inline=inline
ac_cv_c_volatile=yes
ac_cv_cxx_compiler_gnu=yes
ac_cv_env_CCC_set=
ac_cv_env_CCC_value=
ac_cv_env_CC_set=
ac_cv_env_CC_value=
ac_cv_env_CFLAGS_set=set
ac_cv_env_CFLAGS_value='-Wl,-s -O2 -w -DNDEBUG'
ac_cv_env_CPPFLAGS_set=
ac_cv_env_CPPFLAGS_value=
ac_cv_env_CXXCPP_set=
ac_cv_env_CXXCPP_value=
ac_cv_env_CXXFLAGS_set=set
ac_cv_env_CXXFLAGS_value='-Wl,-s -O2 -w -DNDEBUG'
ac_cv_env_CXX_set=
ac_cv_env_CXX_value=
ac_cv_env_LDFLAGS_set=
ac_cv_env_LDFLAGS_value=
ac_cv_env_LIBS_set=
ac_cv_env_LIBS_value=
ac_cv_env_LT_SYS_LIBRARY_PATH_set=
ac_cv_env_LT_SYS_LIBRARY_PATH_value=
ac_cv_env_build_alias_set=
ac_cv_env_build_alias_value=
ac_cv_env_host_alias_set=
ac_cv_env_host_alias_value=
ac_cv_env_target_alias_set=
ac_cv_env_target_alias_value=
ac_cv_header_dlfcn_h=yes
ac_cv_header_inttypes_h=yes
ac_cv_header_libps2000_ps2000_h=yes
ac_cv_header_stdint_h=yes
ac_cv_header_stdio_h=yes
ac_cv_header_stdlib_h=yes
ac_cv_header_string_h=yes
ac_cv_header_strings_h=yes
ac_cv_header_sys_ioctl_h=yes
ac_cv_header_sys_stat_h=yes
ac_cv_header_sys_types_h=yes
ac_cv_header_termios_h=yes
ac_cv_header_unistd_h=yes
ac_cv_host=x86_64-pc-linux-gnu
ac_cv_lib_ps2000_ps2000_open_unit=yes
ac_cv_lib_pthread_pthread_atfork=yes
ac_cv_objext=o
ac_cv_path_EGREP='/usr/bin/grep -E'
ac_cv_path_FGREP='/usr/bin/grep -F'
ac_cv_path_GREP=/usr/bin/grep
ac_cv_path_SED=/usr/bin/sed
ac_cv_path_install='/usr/bin/install -c'
ac_cv_path_lt_DD=/usr/bin/dd
ac_cv_path_mkdir=/usr/bin/mkdir
ac_cv_prog_AWK=mawk
ac_cv_prog_CXXCPP='g++ -E'
ac_cv_prog_ac_ct_AR=ar
ac_cv_prog_ac_ct_CC=gcc
ac_cv_prog_ac_ct_CXX=g++
ac_cv_prog_ac_ct_FILECMD=file
ac_cv_prog_ac_ct_MANIFEST_TOOL=mt
ac_cv_prog_ac_ct_OBJDUMP=objdump
ac_cv_prog_ac_ct_RANLIB=ranlib
ac_cv_prog_ac_ct_STRIP=strip
ac_cv_prog_cc_c11=
ac_cv_prog_cc_g=yes
ac_cv_prog_cc_stdc=
ac_cv_prog_cxx_cxx11=
ac_cv_prog_cxx_g=yes
ac_cv_prog_cxx_stdcxx=
ac_cv_prog_make_make_set=yes
ac_cv_type_pid_t=yes
ac_cv_type_size_t=yes
am_cv_CC_dependencies_compiler_type=gcc3
am_cv_CXX_dependencies_compiler_type=gcc3
am_cv_make_support_nested_variables=yes
am_cv_prog_cc_c_o=yes
lt_cv_ar_at_file=@
lt_cv_archive_cmds_need_lc=no
lt_cv_deplibs_check_method=pass_all
lt_cv_file_magic_cmd='$MAGIC_CMD'
lt_cv_file_magic_test_file=
lt_cv_ld_reload_flag=-r
lt_cv_nm_interface='BSD nm'
lt_cv_objdir=.libs
lt_cv_path_LD=/usr/bin/ld
lt_cv_path_LDCXX='/usr/bin/ld -m elf_x86_64'
lt_cv_path_NM='/usr/bin/nm -B'
lt_cv_path_mainfest_tool=no
lt_cv_prog_compiler_c_o=yes
lt_cv_prog_compiler_c_o_CXX=yes
lt_cv_prog_compiler_pic='-fPIC -DPIC'
lt_cv_prog_compiler_pic_CXX='-fPIC -DPIC'
lt_cv_prog_compiler_pic_works=yes
lt_cv_prog_compiler_pic_works_CXX=yes
lt_cv_prog_compiler_rtti_exceptions=yes
lt_cv_prog_compiler_static_works=yes
lt_cv_prog_compiler_static_works_CXX=yes
lt_cv_prog_gnu_ld=yes
lt_cv_prog_gnu_ldcxx=yes
lt_cv_sharedlib_from_linklib_cmd='printf %s\n'
lt_cv_shlibpath_overrides_runpath=yes
lt_cv_sys_global_symbol_pipe='/usr/bin/sed -n -e '\''s/^.*[	 ]\([ABCDGIRSTW][ABCDGIRSTW]*\)[	 ][	 ]*\([_A-Za-z][_A-Za-z0-9]*\)$/\1 \2 \2/p'\'' | /usr/bin/sed '\''/ __gnu_lto/d'\'''
lt_cv_sys_global_symbol_to_c_name_address='/usr/bin/sed -n -e '\''s/^: \(.*\) .*$/  {"\1", (void *) 0},/p'\'' -e '\''s/^[ABCDGIRSTW][ABCDGIRSTW]* .* \(.*\)$/  {"\1", (void *) \&\1},/p'\'''
lt_cv_sys_global_symbol_to_c_name_address_lib_prefix='/usr/bin/sed -n -e '\''s/^: \(.*\) .*$/  {"\1", (void *) 0},/p'\'' -e '\''s/^[ABCDGIRSTW][ABCDGIRSTW]* .* \(lib.*\)$/  {"\1", (void *) \&\1},/p'\'' -e '\''s/^[ABCDGIRSTW][ABCDGIRSTW]* .* \(.*\)$/  {"lib\1", (void *) \&\1},/p'\'''
lt_cv_sys_global_symbol_to_cdecl='/usr/bin/sed -n -e '\''s/^T .* \(.*\)$/extern int \1();/p'\'' -e '\''s/^[ABCDGIRSTW][ABCDGIRSTW]* .* \(.*\)$/extern char \1;/p'\'''
lt_cv_sys_global_symbol_to_import=
lt_cv_sys_max_cmd_len=1572864
lt_cv_to_host_file_cmd=func_convert_file_noop
lt_cv_to_tool_file_cmd=func_convert_file_noop
lt_cv_truncate_bin='/usr/bin/dd bs=4096 count=1'

## ----------------- ##
## Output variables. ##
## ----------------- ##

ACLOCAL='${SHELL} '\''/home/omar/Documents/picosdk-c-examples/ps2000/linux-build-files/missing'\'' aclocal-1.16'
AMDEPBACKSLASH='\'
AMDEP_FALSE='#'
AMDEP_TRUE=''
AMTAR='$${TAR-tar}'
AM_BACKSLASH='\'
AM_DEFAULT_V='$(AM_DEFAULT_VERBOSITY)'
AM_DEFAULT_VERBOSITY='0'
AM_V='$(V)'
AR='ar'
AUTOCONF='${SHELL} '\''/home/omar/Documents/picosdk-c-examples/ps2000/linux-build-files/missing'\'' autoconf'
AUTOHEADER='${SHELL} '\''/home/omar/Documents/picosdk-c-examples/ps2000/linux-build-files/missing'\'' autoheader'
AUTOMAKE='automake --foreign --add-missing'
AWK='mawk'
CC='gcc'
CCDEPMODE='depmode=gcc3'
CFLAGS='-Wl,-s -O2 -w -DNDEBUG -I/opt/picoscope/include'
CPPFLAGS='-Wl,-s -O2 -w -DNDEBUG -I/opt/picoscope/include'
CSCOPE='cscope'
CTAGS='ctags'
CXX='g++'
CXXCPP='g++ -E'
CXXDEPMODE='depmode=gcc3'
CXXFLAGS='-Wl,-s -O2 -w -DNDEBUG'
CYGPATH_W='echo'
DEFS='-DHAVE_CONFIG_H'
DEPDIR='.deps'
DLLTOOL='false'
DSYMUTIL=''
DUMPBIN=''
ECHO_C=''
ECHO_N='-n'
ECHO_T=''
EGREP='/usr/bin/grep -E'
ETAGS='etags'
EXEEXT=''
FGREP='/usr/bin/grep -F'
FILECMD='file'
GREP='/usr/bin/grep'
INSTALL_DATA='${INSTALL} -m 644'
INSTALL_PROGRAM='${INSTALL}'
INSTALL_SCRIPT='${INSTALL}'
INSTALL_STRIP_PROGRAM='$(install_sh) -c -s'
LD='/usr/bin/ld -m elf_x86_64'
LDFLAGS=' -Wl,-u,pthread_atfork -L/opt/picoscope/lib'
LIBOBJS=''
LIBS='-lps2000 -lpthread '
LIBTOOL='$(SHELL) $(top_builddir)/libtool'
LIPO=''
LN_S='ln -s'
LTLIBOBJS=''
LT_SYS_LIBRARY_PATH=''
MAKEINFO='${SHELL} '\''/home/omar/Documents/picosdk-c-examples/ps2000/linux-build-files/missing'\'' makeinfo'
MANIFEST_TOOL=':'
MKDIR_P='/usr/bin/mkdir -p'
NM='/usr/bin/nm -B'
NMEDIT=''
OBJDUMP='objdump'
OBJEXT='o'
OS_DARWIN=''
OS_LINUX=''
OTOOL64=''
OTOOL=''
PACKAGE='ps2000Con'
PACKAGE_BUGREPORT='support@picotech.com'
PACKAGE_NAME='Pico Technology PicoScope 2000 Example'
PACKAGE_STRING='Pico Technology PicoScope 2000 Example 1.1.0'
PACKAGE_TARNAME='ps2000Con'
PACKAGE_URL=''
PACKAGE_VERSION='1.1.0'
PATH_SEPARATOR=':'
RANLIB='ranlib'
SED='/usr/bin/sed'
SET_MAKE=''
SHELL='/bin/bash'
STRIP='strip'
VERSION='1.1.0'
__APPLE__=''
ac_ct_AR='ar'
ac_ct_CC='gcc'
ac_ct_CXX='g++'
ac_ct_DUMPBIN=''
am__EXEEXT_FALSE=''
am__EXEEXT_TRUE='#'
am__fastdepCC_FALSE='#'
am__fastdepCC_TRUE=''
am__fastdepCXX_FALSE='#'
am__fastdepCXX_TRUE=''
am__include='include'
am__isrc=''
am__leading_dot='.'
am__nodep='_no'
am__quote=''
am__tar='$${TAR-tar} chof - "$$tardir"'
am__untar='$${TAR-tar} xf -'
bindir='${exec_prefix}/bin'
build='x86_64-pc-linux-gnu'
build_alias=''
build_cpu='x86_64'
build_os='linux-gnu'
build_vendor='pc'
datadir='${datarootdir}'
datarootdir='${prefix}/share'
docdir='${datarootdir}/doc/${PACKAGE_TARNAME}'
dvidir='${docdir}'
exec_prefix='${prefix}'
host='x86_64-pc-linux-gnu'
host_alias=''
host_cpu='x86_64'
host_os='linux-gnu'
host_vendor='pc'
htmldir='${docdir}'
includedir='${prefix}/include'
infodir='${datarootdir}/info'
install_sh='${SHELL} /home/omar/Documents/picosdk-c-examples/ps2000/linux-build-files/install-sh'
libdir='${exec_prefix}/lib'
libexecdir='${exec_prefix}/libexec'
localedir='${datarootdir}/locale'
localstatedir='${prefix}/var'
mandir='${datarootdir}/man'
mkdir_p='$(MKDIR_P)'
oldincludedir='/usr/include'
pdfdir='${docdir}'
prefix='/opt/picoscope'
program_transform_name='s,x,x,'
psdir='${docdir}'
runstatedir='${localstatedir}/run'
sbindir='${exec_prefix}/sbin'
sharedstatedir='${prefix}/com'
sysconfdir='${prefix}/etc'
target_alias=''

## ----------- ##
## confdefs.h. ##
## ----------- ##

/* confdefs.h */
#define PACKAGE_NAME "Pico Technology PicoScope 2000 Example"
#define PACKAGE_TARNAME "ps2000Con"
#define PACKAGE_VERSION "1.1.0"
#define PACKAGE_STRING "Pico Technology PicoScope 2000 Example 1.1.0"
#define PACKAGE_BUGREPORT "support@picotech.com"
#define PACKAGE_URL ""
#define PACKAGE "ps2000Con"
#define VERSION "1.1.0"
#define LIBTOOL_VERSION_MAJOR VERSION
#define LIBTOOL_VERSION_MINOR N
#define LIBTOOL_VERSION_POINT 
#define HAVE_STDIO_H 1
#define HAVE_STDLIB_H 1
#define HAVE_STRING_H 1
#define HAVE_INTTYPES_H 1
#define HAVE_STDINT_H 1
#define HAVE_STRINGS_H 1
#define HAVE_SYS_STAT_H 1
#define HAVE_SYS_TYPES_H 1
#define HAVE_UNISTD_H 1
#define STDC_HEADERS 1
#define HAVE_DLFCN_H 1
#define LT_OBJDIR ".libs/"
#define OS_LINUX /**/
#define HAVE_LIBPTHREAD 1
#define HAVE_LIBPS2000 1

configure: exit 0

## ---------------------- ##
## Running config.status. ##
## ---------------------- ##

This file was extended by Pico Technology PicoScope 2000 Example config.status 1.1.0, which was
generated by GNU Autoconf 2.71.  Invocation command line was

  CONFIG_FILES    = 
  CONFIG_HEADERS  = 
  CONFIG_LINKS    = 
  CONFIG_COMMANDS = 
  $ ./config.status config.h

on omar-XPS-L501X

config.status:1154: creating config.h
config.status:1335: config.h is unchanged
